#-----------------------------------------------------------
# Webtalk v2016.4 (64-bit)
# SW Build 1756540 on Mon Jan 23 19:11:23 MST 2017
# IP Build 1755317 on Mon Jan 23 20:30:07 MST 2017
# Start of session at: Tue Apr 25 22:13:56 2023
# Process ID: 5884
# Current directory: C:/Users/andre/Coding/ProgettoRetiLogiche2023/ProgettoRetiLogiche2023.sim/sim_1/synth/timing
# Command line: wbtcv.exe -mode batch -source C:/Users/andre/Coding/ProgettoRetiLogiche2023/ProgettoRetiLogiche2023.sim/sim_1/synth/timing/xsim.dir/project_tb_time_synth/webtalk/xsim_webtalk.tcl -notrace
# Log file: C:/Users/andre/Coding/ProgettoRetiLogiche2023/ProgettoRetiLogiche2023.sim/sim_1/synth/timing/webtalk.log
# Journal file: C:/Users/andre/Coding/ProgettoRetiLogiche2023/ProgettoRetiLogiche2023.sim/sim_1/synth/timing\webtalk.jou
#-----------------------------------------------------------
source C:/Users/andre/Coding/ProgettoRetiLogiche2023/ProgettoRetiLogiche2023.sim/sim_1/synth/timing/xsim.dir/project_tb_time_synth/webtalk/xsim_webtalk.tcl -notrace
